// Jest Snapshot v1, https://goo.gl/fbAQLP

exports[`renders correctly 1`] = `
<View
  style={
    Array [
      Object {
        "alignItems": "center",
        "justifyContent": "center",
        "marginBottom": 20,
        "marginHorizontal": 20,
        "marginTop": 10,
      },
    ]
  }
>
  <View
    accessible={true}
    isTVSelectable={true}
    onResponderGrant={[Function]}
    onResponderMove={[Function]}
    onResponderRelease={[Function]}
    onResponderTerminate={[Function]}
    onResponderTerminationRequest={[Function]}
    onStartShouldSetResponder={[Function]}
    style={
      Object {
        "backgroundColor": "#2f95dc",
        "borderRadius": 7,
        "justifyContent": "center",
        "opacity": 1,
        "padding": 12,
      }
    }
  >
    <Text
      style={
        Array [
          Object {
            "color": "white",
            "fontSize": 18,
            "minWidth": 180,
            "textAlign": "center",
          },
          Object {
            "minWidth": undefined,
          },
        ]
      }
    >
      Hello
    </Text>
  </View>
</View>
`;
